[technebula.framer.wiki/index.html]
[backblue.gif]
[fade.gif]
[index.html]
[framerusercontent.com/sites/7f6QTocP9i0wHZE7ihbvWV/searchIndex-U6K4zgBCmfa6.json]
[framerusercontent.com/images/0rwis00lgc2m9kuBmNEZjbMTvE.png]
[framerusercontent.com/images/i7Is5t6qUcUVN8Kgvi9xTwlh8.jpg]
[framerusercontent.com/sites/7f6QTocP9i0wHZE7ihbvWV/chunk-ELYU6EKT.mjs]
[framerusercontent.com/sites/7f6QTocP9i0wHZE7ihbvWV/chunk-52P67XCA.mjs]
[framerusercontent.com/sites/7f6QTocP9i0wHZE7ihbvWV/m6TbMEyhxig2i7waEy4Xy0ocN1gnKVUJcolq3cRT_EY.3Q47HEPU.mjs]
[framerusercontent.com/sites/7f6QTocP9i0wHZE7ihbvWV/chunk-VVRBX74G.mjs]
[framerusercontent.com/sites/7f6QTocP9i0wHZE7ihbvWV/chunk-LTP5OET2.mjs]
[framerusercontent.com/sites/7f6QTocP9i0wHZE7ihbvWV/chunk-D2LYJEYI.mjs]
[framerusercontent.com/sites/7f6QTocP9i0wHZE7ihbvWV/chunk-ZYDWRPLS.mjs]
[framerusercontent.com/sites/7f6QTocP9i0wHZE7ihbvWV/chunk-6RV5T5LV.mjs]
[framerusercontent.com/sites/7f6QTocP9i0wHZE7ihbvWV/chunk-42U43NKG.mjs]
[framerusercontent.com/sites/7f6QTocP9i0wHZE7ihbvWV/script_main.TQWBDIRB.mjs]
[framerusercontent.com/assets/5vvr9Vy74if2I6bQbJvbw7SY1pQ.woff2]
[events.framer.com/script]
[framerusercontent.com/images/hWIZMKXOFsbqsuibKaky2KQxc.jpg]
[forms.office.com/Pages/ResponsePage0668.html]
[forms.office.com/pages/responsepage9f30.html]
[framerusercontent.com/images/WknguggxVSEpYJLSKdD3NReFY4.png]
[framerusercontent.com/images/CkZeSiNQSOCeZlmD2gatB7yUI.png]
[framerusercontent.com/images/ATr59Plln2Xht5R884SxcK7QPpk.png]
[framerusercontent.com/images/LrfVOCwSRxJEK5Hy8VbYb7RM.jpg]
[framerusercontent.com/images/4WHaCb6uunC8HpnrOBT1LppvFJ0.jpg]
[framerusercontent.com/assets/qDO2tv8hKIOoaFtRqBMOfidk.mp4]
[framerusercontent.com/images/KU7ALB69R29GMcP2cmLs1c1Lto17f5.png]
[framerusercontent.com/images/Xz4pjB6WQLz1wRLx9ImT6OoviM.jpg]
[framerusercontent.com/images/IJ7Fk8xLX5uBWXxleIHqb3Cc6o.jpg]
[framerusercontent.com/images/ko5g4HPHyxdrht0acAKjtDePBc17f5.jpg]
[framerusercontent.com/images/bGnEoA9mkMPdrM5l5RjCXf2DYGs.jpg]
[framerusercontent.com/images/t84g4vAwtZWFD8n09W4HhBWjXoc.jpg]
[framerusercontent.com/images/6LUWdaHyMzzFwi76pWhyCO9js.jpg]
[framerusercontent.com/images/qlPm07WC43dlHxLUJ6vXF0eGf0.jpg]
[framerusercontent.com/assets/SE048efjui0d9yUdwK2oxxZRQtw.png]
[technebula.framer.wiki/index.html]
[forms.office.com/Pages/ms.jsll-3.min.23.delayed]
[forms.office.com/Pages/jsll-4.24.delayed]
[cdn.forms.office.net/forms/scripts/dists/ls-response.en-us.db398ef18.js]
[cdn.forms.office.net/forms/scripts/dists/dll-dompurify.min.bcf1a85.js]
[forms.office.com/Pages/ResponsePage0668.html]
[framerusercontent.com/images/lJ1XtiGT2h75gBJ4sLDsx6dJI2w.svg]
[cdn.forms.office.net/forms/scripts/dists/light-response-page.min.94ef44f.js]
[forms.office.com/pages/ms.jsll-3.min.28.delayed]
[forms.office.com/pages/jsll-4.29.delayed]
[forms.office.com/pages/responsepage9f30.html]
[forms.office.com/Pages/ms.jsll-3.min.html]
[forms.office.com/Pages/jsll-4.html]
[forms.office.com/pages/ms.jsll-3.min-2.html]
[forms.office.com/pages/jsll-5.html]
