[technebula.framer.wiki/index.html]
[backblue.gif]
[fade.gif]
[index.html]
[framerusercontent.com/images/0rwis00lgc2m9kuBmNEZjbMTvE.png]
[framerusercontent.com/images/i7Is5t6qUcUVN8Kgvi9xTwlh8.jpg]
[framerusercontent.com/images/hWIZMKXOFsbqsuibKaky2KQxc.jpg]
[framerusercontent.com/images/WknguggxVSEpYJLSKdD3NReFY4.png]
[framerusercontent.com/images/CkZeSiNQSOCeZlmD2gatB7yUI.png]
[framerusercontent.com/images/ATr59Plln2Xht5R884SxcK7QPpk.png]
[framerusercontent.com/images/LrfVOCwSRxJEK5Hy8VbYb7RM.jpg]
[framerusercontent.com/images/4WHaCb6uunC8HpnrOBT1LppvFJ0.jpg]
[framerusercontent.com/images/KU7ALB69R29GMcP2cmLs1c1Lto17f5.png]
[framerusercontent.com/images/Xz4pjB6WQLz1wRLx9ImT6OoviM.jpg]
[framerusercontent.com/images/IJ7Fk8xLX5uBWXxleIHqb3Cc6o.jpg]
[framerusercontent.com/images/ko5g4HPHyxdrht0acAKjtDePBc17f5.jpg]
[framerusercontent.com/images/bGnEoA9mkMPdrM5l5RjCXf2DYGs.jpg]
[framerusercontent.com/images/t84g4vAwtZWFD8n09W4HhBWjXoc.jpg]
[framerusercontent.com/images/6LUWdaHyMzzFwi76pWhyCO9js.jpg]
[framerusercontent.com/images/qlPm07WC43dlHxLUJ6vXF0eGf0.jpg]
[framerusercontent.com/assets/SE048efjui0d9yUdwK2oxxZRQtw.png]
[technebula.framer.wiki/index.html]
